800018A8:codehandlerStartAddress

// memory
80003458:memset
80003540:memcpy

// m_Do_printf.o
80006abc:OSReport

// OSModule.o
// text
8033e510:OSLink
8033e7a8:OSUnlink
// data
800030C8:osModuleList

// OSTime.o
80342714:OSGetTick

// m_Do_ext.o
// text
8000EDF4:getArchiveHeapPtr
800149f0:mDoExt_getMesgFont
// data
80450C20:AssertHeap
80450C24:DbPrintHeap
80450C28:gameHeap
80450C2C:zeldaHeap
80450C30:commandHeap
80450C34:archiveHeap
80450C38:j2dHeap
80450C3C:HostIOHeap

// m_Do_MemCard.o
// data
803E0F40:MemCardWorkArea0

// d_stage
800266A4:roomTresureInit
80027D04:setTresure
80024EFC:ActorCreate
80025A38:actorInit
80025B24:actorInit_always
8002586C:actorCommonLayerInit
80025bfc:tgscInfoInit
80026bbc:roomLoader
80026b58:stageLoader
80025014:dStage_playerInit
80450D64:mStayNo

// d_save.o
80032AA8:getRupeeMax
800350BC:getSave
800350F0:putSave
8003498C:onEventBit
800349A4:offEventBit
80032bb0:isDarkClearLV
80032bec:isTransformLV
803a7288:saveBitLabels
80034270:onCollectMirror
8003422c:onCollectCrystal
80032fb8:setItem
80034934:isDungeonItem
80034918:onDungeonItem
800349bc:isEventBit
800352b0:offSwitch_dSv_info
80034810:onSwitch_dSv_memBit
80034838:offSwitch_dSv_memBit
80034860:isSwitch_dSv_memBit
800332f8:setLineUpItem
80034368:onLightDropGetFlag
800337ec:checkEmptyBottle

// d_event.o
80042778:defaultSkipStb
800429D4:skipper

// d_event_manager.o
80047758:getEventIdx3

// DynamicLink.o
80262660:DynamicModuleControl_ct
80262C5C:do_link
80262F28:do_unlink

// f_op_scene_req.o
// data
80450614:freezeActors
80450CE0:isLoading

// f_ap_game.o
80018A6C:fapGm_Execute

// f_op_actor_mng.o
8001BBE8:createItemForPresentDemo
8001BC74:createItemForTrBoxDemo
8001C0D4:createItemForBoss
8001C174:createItemForMidBoss
8001C1B8:createItemForDirectGet
80019AA8:CreateAppend
80019D98:fopAcM_create
8001bb14:fopAcM_getTalkEventPartner
8001b5e4:fopAcM_orderChangeEventId

// f_op_msg_mng.o
8001fe84:fopMsgM_messageSet

// f_pc_node_req
803A3A38:l_fpcNdRq_Queue

// d_map_path_dmap.o
8003EE5C:getMapPlayerPos

// d_item.o
80097EE0:checkItemGet
803AF178:item_func_ptr
803AF578:item_getcheck_func_ptr
80097e8c:execItemGet
800986c4:item_func_WOOD_STICK
800982b4:item_func_UTUWA_HEART

// d_item_data.o
803AC5A0:item_resource
803ADD88:field_item_res
803AED78:item_info
80099284:item_func_ASHS_SCRIBBLING

// d_a_alink.h
800B271C:setStickData
800BB4B8:checkHeavyStateOn
8011A6FC:checkTreasureRupeeReturn
8011E9F8:procGanonFinishInit
8011EA78:procGanonFinish
8014139c:dComIfGs_isEventBit
80391A5C:getSeType
8009DA60:checkStageName
800d29d4:checkDownAttackState
800c77f4:procCoMetamorphoseInit
80115c20:checkEventRun
800e251c:checkBootsMoveAnime
80119d98:procCoTalkInit
800d8f3c:procDamageInit
801360ec:procWolfDamageInit
800d7c40:checkDamageAction
801181a0:setGetItemFace
800d96dc:procCoLargeDamageInit
8011ac28:procCoGetItem
8011a798:procCoGetItemInit
800cffa4:dComIfGp_setItemLifeCount
800be3e4:checkRestartRoom
8011f9ec:checkWarpStart
80138cb8:setWolfLockDomeModel
800d0228:getSpinnerActor
800b7d4c:searchBouDoor
800c0678:checkCastleTownUseItem
800d7208:damageMagnification
800c4f14:procFrontRollCrashInit
8012d8c0:procWolfDashReverseInit
8013c8c8:procWolfAttackReverseInit

// data
8038EB8C:climbVars
8038E1E0:wallMoveVars
8038e77c:lanternVars
8038e7f4:ironBootsVars
8038e760:huLightVars

// d_menu_collect.o
801B3340:setWalletMaxNum
801b074c:dMenuCollect_screenSet

// JKRHeap.o
802CEC98:__nw_JKRHeap
802CED3C:__dl_JKRHeap

// JKRExpHeap.o
802CF128:do_alloc_JKRExpHeap
802CF7AC:do_free_JKRExpHeap
802CFBA4:do_getFreeSize_JKRExpHeap

// Card 
80353AC8:CARDInit
803568F4:CARDCheck
803572F4:CARDMount
803573d8:CARDUnmount
803588CC:CARDRead
80358C48:CARDWrite
803580B4:CARDClose
80357F98:CARDOpen
80356A4C:CARDProbeEx
80358e88:CARDGetStatus

// OSCache.o
// 8033B56C:DCEnable
// 8033B580:DCInvalidateRange
8033B5AC:DCFlushRange
// 8033B5DC:DCStoreRange
// 8033B60C:DCFlushRangeNoSync
// 8033B638:DCStoreRangeNoSync
// 8033B664:DCZeroRange
8033B690:ICInvalidateRange
// 8033B6C4:ICFlashInvalidate
// 8033B6D4:ICEnable
// 8033B6E8:__LCEnable
// 8033B7B4:LCEnable
// 8033B7EC:LCDisable
// 8033B814:LCStoreBlocks
// 8033B838:LCStoreData
// 8033B8E4:LCQueueWait
// 8033B8F8:L2GlobalInvalidate
// 8033B990:DMAErrorHandler
// 8033BAF0:__OSCacheInit

// runtime.o
80362108:_savefpr_14
8036210C:_savefpr_15
80362110:_savefpr_16
80362114:_savefpr_17
80362118:_savefpr_18
8036211C:_savefpr_19
80362120:_savefpr_20
80362124:_savefpr_21
80362128:_savefpr_22
8036212C:_savefpr_23
80362130:_savefpr_24
80362134:_savefpr_25
80362138:_savefpr_26
8036213C:_savefpr_27
80362140:_savefpr_28
80362144:_savefpr_29
80362148:_savefpr_30
8036214C:_savefpr_31
803621A0:_savegpr_14
803621A4:_savegpr_15
803621A8:_savegpr_16
803621AC:_savegpr_17
803621B0:_savegpr_18
803621B4:_savegpr_19
803621B8:_savegpr_20
803621BC:_savegpr_21
803621C0:_savegpr_22
803621C4:_savegpr_23
803621C8:_savegpr_24
803621CC:_savegpr_25
803621D0:_savegpr_26
803621D4:_savegpr_27
803621D8:_savegpr_28
803621DC:_savegpr_29
803621E0:_savegpr_30
803621E4:_savegpr_31
80362238:__udivdi3
80362324:__divdi3
8036245C:__umoddi3
80362540:__moddi3
8036264C:__ashldi3
80362670:__lshrdi3
80362694:__ashrdi3
803626BC:__floatdisf
80362770:__fixsfdi
80362770:__fixdfdi
80362770:__fixunssfdi
80362770:__fixunsdfdi

// ctype.o
80365470:tolower

// mem.o
8036608C:memcmp

// printf.o
803664DC:sprintf
803665BC:snprintf
80366690:vsnprintf

// string.o
80368994:strcmp
80368AE8:strncpy
80368B2C:strcpy
80368954:strncmp
80368be4:strlen
80368924:strchr

// m_Do_controller_pad.o
// data
803DD2E8:cpadInfo

// d_com_inf_game.o
// data
804061C0:dComIfG_gameInfo
8002b3f4:dComIfG_get_timelayer
8002b434:getLayerNo_common_common
80141264:dComIfGs_isItemFirstBit
8002f810:dComIfGs_Wolf_Change_Check
8002f434:dComIfG_getStageRes
8002dca8:dComIfGs_getMaxLifeGauge
8002d2fc:dComIfGp_setNextStage
8002d7d0:dComIfGs_onStageBossEnemy

// d_kankyo.o
// data
8042CA54:env_light
801ac70c:dKy_darkworld_stage_check
8019f780:GetTimePass
8019fab8:dKy_daynight_check

// d_kankyo_rain.o
8006be0c:dKyr_odour_draw

// JFWSystem.o
// data
804511B8:systemConsole

// Z2SceneMgr.o
802B9B68:sceneChange
802ba704:loadSeWave
802ba5c8:eraseSeWave
802b6af8:setSceneName

// Z2AudioMgr.o
803dbf4c:g_mDoAud_zelAudio

// Z2SeMgr.o
8014113c:seStartLevel

// Z2SeqMgr.o
802B4EB0:startBattleBgm
802b3eac:checkBgmIDPlaying

// Z2SoundMgr.o
802A9EE8:startSound

//control.o 
802A7A20:setMessageCode_inSequence

//JKRDvdRipper.o
802d9c54:loadToMainRAM2

//dvdfs.o
80348528:DVDConvertPathToEntrynum
80348890:DVDOpen
80348958:DVDClose
80348e44:DVDReadPrio
80348f80:DVDOpenDir
80349040:DVDReadDir
803490e4:DVDCloseDir

//d_meter2_info.o
80430188:g_meter2_info
8021e0c4:resetMiniGameItem

//d_meter2_draw.o
80214eb4:drawKanteraScreen

//d_pane_class.o
80254458:setBlackWhite

//d_a_shop_item_static.o
803792e8:shopItemData

// d_msg_class.o
802288fc:getFontCCColorTable
802289a8:getFontGCColorTable
8022b658:jmessage_tSequenceProcessor__do_begin
8022c1a0:jmessage_tSequenceProcessor__do_tag

// d_msg_object.o
802369D8:isSend
802383d0:getMessageID

// processor.o
802A7C54:getResource_groupID

//d_msg_flow.o
8024b138:query001
8024b250:query004
8024b8e4:query022
8024b918:query023
8024b974:query025
8024bfec:query042
8024c3fc:event000
8024ca94:event017
8024d7c8:event035
8024c550:event003
8024da78:event041
8024bc80:query037
8024c2a0:query049
8024a2d8:doFlow
8024a528:getEventId
8024aa50:setNormalMsg

//d_menu_window.o
801fa590:collect_save_open_init

//d_a_npc.o
8014ca2c:daNpcT_onEvtBit
8014caac:daNpcT_chkEvtBit
80155634:daNpcF_chkEvtBit
8014a224:evtChange

//resource.o
802a9490:parseCharacter_1Byte

//d_a_player.o
80451018:m_midnaActor

//d_camera.o
80182ad8:checkRide

//d_resource.o
8003c1e4:getResInfo

// m_Do_MemCard.o
// data
803E0F40:MemCardWorkArea0

// J2DTextBox.h
802FF660:J2DTextBox_ct1
803001E0:J2DTextBox_dt
80300278:J2DTextBox_setFont
803002E8:J2DTextBox_draw1
80300490:J2DTextBox_draw2
80300660:J2DTextBox_setString1

// d_menu_ring.o
801eab7c:dMenuRing__create
801eabe8:dMenuRing__delete
801eacc8:dMenuRing__draw

// JKRArchive.o
802D5C64:JKRArchive_getResource2

// JKRArchivePub.h
802d5b38:JKRArchivePub_getGlbResource

// J2DPicture.o
802FC708:J2DPicture_ct4
802FCFF0:J2DPicture_dt
802FDC70:J2DPicture_draw

// d_s_logo.o
802572B8:dScnLogo_c_dt

// m_Do_Audio.o
8014113c:mDoAud_seStartLevel

// d_meter_HIO.o
// data
8042ebc8:g_drawHIO

// mem.o
80366130:memmove

// OSInterrupt.o
8033D6F4:OSDisableInterrupts
8033D708:OSEnableInterrupts
8033D71C:OSRestoreInterrupts

// d_a_itembase.o
80037b78:CheckFieldItemCreateHeap
80037b0c:CheckItemCreateHeap

// m_Do_dvd_thread.o
80015edc:mountArchive__execute
// JKRArchivePri.o
802D65A4:JKRArchive_findFsResource

// d_menu_fmap2D.o
801d7994:checkPlayerWarpAccept

// vi.o
8034D7C4:VISetNextFrameBuffer

// f_op_actor_iter.o
800197F8:fopAcIt_Judge

// d_gameover.o
8019b40c:dispWait_init

// d_shop_system.o
80199e28:seq_decide_yes
801975dc:offFlag
8019a4f4:setSoldOutItemHide
8019a344:setSeq
8019a354:setSoldOutFlag

// f_pc_executor.o
8002139c:fpcEx_IsExist